[1;33mUsage[m

  [1;32mrun[m [31m[options][m

[1;33mOptions[m

  [31m--alpha[m         Alias for [38;5;183m--foo=0[m
  [31m--bravo[m         Print totals [2m(implies [m[2;31m--alpha[m[2m)[m
  [31m--charlie[m       Use the [38;5;183membedded[m backend
  [31m--delta[m[2;31m [m[2;31m<name>[m  User name to set
