_myapp() {
    if [[ -z ${COMP_LINE+x} ]]; then
        _myapp_complete "$@"
        return
    fi
    local remaining="$COMP_LINE" fragment index joined=0 consumed suffix
    local -a words=()
    for ((index=0; index<=COMP_CWORD; index++)); do
        fragment=${COMP_WORDS[index]}
        if (( index > 0 )) && [[ $remaining == [[:space:]]* ]]; then
            joined=$((joined + 1))
        fi
        words[joined]=${words[joined]-}$fragment
        remaining=${remaining#*"$fragment"}
        # Some Bash versions omit the surrounding quotes from COMP_WORDS.
        remaining=${remaining#[\'\"]}
    done
    # Ignore text after the cursor, including the rest of the current word.
    consumed=$((${#COMP_LINE} - ${#remaining}))
    suffix=$((consumed - ${COMP_POINT:-$consumed}))
    if (( suffix > 0 && suffix <= ${#words[joined]} )); then
        words[joined]=${words[joined]:0:${#words[joined]}-suffix}
    fi
    local current=${words[joined]} keep="" previous=""
    if [[ -z $2 ]]; then
        keep=$current
    elif [[ $current == *"$2" ]]; then
        keep=${current%"$2"}
    fi
    if (( joined > 0 )); then
        previous=${words[joined-1]}
    fi
    # Dynamic scope gives the helpers reconstructed words without changing
    # the caller's completion state or the shell's word-break settings.
    local -a COMP_WORDS=("${words[@]}")
    local COMP_CWORD=$joined
    _myapp_complete "$1" "$current" "$previous"
    local candidate
    local -a replies=()
    for candidate in "${COMPREPLY[@]}"; do
        if [[ -n $keep && $candidate == "$keep"* ]]; then
            candidate=${candidate#"$keep"}
        fi
        if [[ -n $candidate ]]; then
            replies+=("$candidate")
        fi
    done
    COMPREPLY=("${replies[@]}")
}

# myapp bash completion
_myapp_complete() {
    local i cur prev opts cmd
    COMPREPLY=()
    if [[ "${BASH_VERSINFO[0]}" -ge 4 ]]; then
        cur="$2"
    else
        cur="${COMP_WORDS[COMP_CWORD]}"
    fi
    prev="$3"
    cmd=""
    opts=""

    for i in "${COMP_WORDS[@]:0:COMP_CWORD}"; do
        case "${cmd},${i}" in
            ",$1")
                cmd="myapp"
                ;;
            *)
                ;;
        esac
    done

    case "${cmd}" in
        myapp)
            opts="--method --verbose -v"
            local value_prefix=""
            case "${cur}" in
                --method=*)
                    prev=${cur%%=*}
                    value_prefix="${prev}="
                    cur=${cur#*=}
                    ;;
            esac
            case "${prev}" in
                --method)
                    COMPREPLY=($(compgen -W 'ssh https' -- "${cur}"))
                    if [[ -n $value_prefix ]]; then
                        COMPREPLY=("${COMPREPLY[@]/#/${value_prefix}}")
                    fi
                    return 0
                    ;;
                *)
                    COMPREPLY=()
                    ;;
            esac
            if [[ ${cur} == -* || ${COMP_CWORD} -eq 1 ]]; then
                COMPREPLY=($(compgen -W "${opts}" -- "${cur}"))
                return 0
            fi
            COMPREPLY=($(compgen -W "${opts}" -- "${cur}"))
            return 0
            ;;
    esac
}

if [[ "${BASH_VERSINFO[0]}" -eq 4 && "${BASH_VERSINFO[1]}" -ge 4 || "${BASH_VERSINFO[0]}" -gt 4 ]]; then
    complete -F _myapp -o nosort -o bashdefault -o default myapp
else
    complete -F _myapp -o bashdefault -o default myapp
fi
