_myapp() {
    if [[ -z ${COMP_LINE+x} ]]; then
        _myapp_complete "$@"
        return
    fi
    local remaining="$COMP_LINE" fragment index joined=0 consumed suffix
    local -a words=()
    for ((index=0; index<=COMP_CWORD; index++)); do
        fragment=${COMP_WORDS[index]}
        if (( index > 0 )) && [[ $remaining == [[:space:]]* ]]; then
            joined=$((joined + 1))
        fi
        words[joined]=${words[joined]-}$fragment
        remaining=${remaining#*"$fragment"}
        # Some Bash versions omit the surrounding quotes from COMP_WORDS.
        remaining=${remaining#[\'\"]}
    done
    # Ignore text after the cursor, including the rest of the current word.
    consumed=$((${#COMP_LINE} - ${#remaining}))
    suffix=$((consumed - ${COMP_POINT:-$consumed}))
    if (( suffix > 0 && suffix <= ${#words[joined]} )); then
        words[joined]=${words[joined]:0:${#words[joined]}-suffix}
    fi
    local current=${words[joined]} keep="" previous=""
    if [[ -z $2 ]]; then
        keep=$current
    elif [[ $current == *"$2" ]]; then
        keep=${current%"$2"}
    fi
    if (( joined > 0 )); then
        previous=${words[joined-1]}
    fi
    # Dynamic scope gives the helpers reconstructed words without changing
    # the caller's completion state or the shell's word-break settings.
    local -a COMP_WORDS=("${words[@]}")
    local COMP_CWORD=$joined
    _myapp_complete "$1" "$current" "$previous"
    local candidate
    local -a replies=()
    for candidate in "${COMPREPLY[@]}"; do
        if [[ -n $keep && $candidate == "$keep"* ]]; then
            candidate=${candidate#"$keep"}
        fi
        if [[ -n $candidate ]]; then
            replies+=("$candidate")
        fi
    done
    COMPREPLY=("${replies[@]}")
}

# myapp bash completion
_myapp_complete() {
    local i cur prev opts cmd
    COMPREPLY=()
    if [[ "${BASH_VERSINFO[0]}" -ge 4 ]]; then
        cur="$2"
    else
        cur="${COMP_WORDS[COMP_CWORD]}"
    fi
    prev="$3"
    local -a __fwd=()
    _myapp_forwarded_flags
    cmd=""
    opts=""

    for i in "${COMP_WORDS[@]:0:COMP_CWORD}"; do
        case "${cmd},${i}" in
            ",$1")
                cmd="myapp"
                ;;
            myapp,deploy)
                cmd="myapp__deploy"
                ;;
            *)
                ;;
        esac
    done

    case "${cmd}" in
        myapp)
            opts="--profile -p --verbose -v deploy"
            local value_prefix=""
            case "${cur}" in
                --profile=*|-p=*)
                    prev=${cur%%=*}
                    value_prefix="${prev}="
                    cur=${cur#*=}
                    ;;
            esac
            case "${prev}" in
                --profile|-p)
                    COMPREPLY=()
                    if [[ -n $value_prefix ]]; then
                        COMPREPLY=("${COMPREPLY[@]/#/${value_prefix}}")
                    fi
                    return 0
                    ;;
                *)
                    COMPREPLY=()
                    ;;
            esac
            if [[ ${cur} == -* || ${COMP_CWORD} -eq 1 ]]; then
                COMPREPLY=($(compgen -W "${opts}" -- "${cur}"))
                return 0
            fi
            COMPREPLY=($(compgen -W "${opts}" -- "${cur}"))
            return 0
            ;;
        myapp__deploy)
            opts="--profile -p --tags --target"
            local value_prefix=""
            case "${cur}" in
                --profile=*|-p=*|--tags=*|--target=*)
                    prev=${cur%%=*}
                    value_prefix="${prev}="
                    cur=${cur#*=}
                    ;;
            esac
            case "${prev}" in
                --profile|-p)
                    COMPREPLY=()
                    if [[ -n $value_prefix ]]; then
                        COMPREPLY=("${COMPREPLY[@]/#/${value_prefix}}")
                    fi
                    return 0
                    ;;
                --tags)
                    local prefix=""
                    local cur_val="${cur}"
                    local line
                    local -a all_vals=()
                    while IFS= read -r line || [[ -n "${line}" ]]; do
                        all_vals+=("${line}")
                    done < <(myapp --@complete=tag -- "${__fwd[@]}" 2>/dev/null)
                    local IFS=$'\n'
                    local -a avail=()
                    if [[ "${cur}" == *,* ]]; then
                        prefix="${cur%,*},"
                        cur_val="${cur##*,}"
                        IFS=',' read -ra selected <<< "${prefix}"
                        for val in "${all_vals[@]}"; do
                            local found=0
                            for sel in "${selected[@]}"; do
                                if [[ "${val}" == "${sel}" ]]; then
                                    found=1
                                    break
                                fi
                            done
                            if [[ "${found}" -eq 0 ]]; then
                                avail+=("${val}")
                            fi
                        done
                    else
                        avail=("${all_vals[@]}")
                    fi
                    COMPREPLY=($(compgen -W "${avail[*]}" -- "${cur_val}"))
                    if [[ -n "${prefix}" ]]; then
                        COMPREPLY=("${COMPREPLY[@]/#/${prefix}}")
                    fi
                    compopt -o nospace
                    if [[ -n $value_prefix ]]; then
                        COMPREPLY=("${COMPREPLY[@]/#/${value_prefix}}")
                    fi
                    return 0
                    ;;
                --target)
                    COMPREPLY=()
                    _myapp_dynamic_values "${cur}" myapp --@complete=target -- "${__fwd[@]}"
                    if [[ -n $value_prefix ]]; then
                        COMPREPLY=("${COMPREPLY[@]/#/${value_prefix}}")
                    fi
                    return 0
                    ;;
                *)
                    COMPREPLY=()
                    ;;
            esac
            if [[ ${cur} == -* || ${COMP_CWORD} -eq 2 ]]; then
                COMPREPLY=($(compgen -W "${opts}" -- "${cur}"))
                return 0
            fi
            COMPREPLY=($(compgen -W "${opts}" -- "${cur}"))
            return 0
            ;;
    esac
}

_myapp_dynamic_values() {
    local cur="$1"
    shift
    local line
    local -a vals=()
    while IFS= read -r line || [[ -n "${line}" ]]; do
        vals+=("${line}")
    done < <("$@" 2>/dev/null)
    local IFS=$'\n'
    COMPREPLY+=($(compgen -W "${vals[*]}" -- "${cur}"))
}

_myapp_forwarded_flags() {
    __fwd=()
    local j __skip_next=0 __fwd_name=""
    for ((j=1; j<COMP_CWORD; j++)); do
        if [[ "${__skip_next}" -eq 1 ]]; then
            if [[ -n "${__fwd_name}" ]]; then
                __fwd+=("--${__fwd_name}=${COMP_WORDS[j]}")
                __fwd_name=""
            fi
            __skip_next=0
            continue
        fi
        if [[ "${COMP_WORDS[j]}" == "--" ]]; then
            break
        fi
        case "${COMP_WORDS[j]}" in
            --profile|-p)
                __skip_next=1
                __fwd_name="profile"
                ;;
            --profile=*)
                __fwd+=("${COMP_WORDS[j]}")
                ;;
            -p=*)
                __fwd+=("--profile=${COMP_WORDS[j]#-p=}")
                ;;
            *)
                ;;
        esac
    done
}

if [[ "${BASH_VERSINFO[0]}" -eq 4 && "${BASH_VERSINFO[1]}" -ge 4 || "${BASH_VERSINFO[0]}" -gt 4 ]]; then
    complete -F _myapp -o nosort -o bashdefault -o default myapp
else
    complete -F _myapp -o bashdefault -o default myapp
fi
