# myapp bash completion
_myapp() {
    local i cur prev opts cmd
    COMPREPLY=()
    if [[ "${BASH_VERSINFO[0]}" -ge 4 ]]; then
        cur="$2"
    else
        cur="${COMP_WORDS[COMP_CWORD]}"
    fi
    prev="$3"
    cmd=""
    opts=""

    for i in "${COMP_WORDS[@]:0:COMP_CWORD}"; do
        case "${cmd},${i}" in
            ",$1")
                cmd="myapp"
                ;;
            myapp,build)
                cmd="myapp__build"
                ;;
            myapp,test|myapp,t)
                cmd="myapp__test"
                ;;
            *)
                ;;
        esac
    done

    case "${cmd}" in
        myapp)
            opts="--color --verbose -v build test"
            if [[ ${cur} == -* || ${COMP_CWORD} -eq 1 ]]; then
                COMPREPLY=($(compgen -W "${opts}" -- "${cur}"))
                return 0
            fi
            case "${prev}" in
                --color)
                    COMPREPLY=($(compgen -W 'auto always never' -- "${cur}"))
                    return 0
                    ;;
                *)
                    COMPREPLY=()
                    ;;
            esac
            COMPREPLY=($(compgen -W "${opts}" -- "${cur}"))
            return 0
            ;;
        myapp__build)
            opts="--output -o --release"
            if [[ ${cur} == -* || ${COMP_CWORD} -eq 2 ]]; then
                COMPREPLY=($(compgen -W "${opts}" -- "${cur}"))
                return 0
            fi
            case "${prev}" in
                --output|-o)
                    COMPREPLY=()
                    return 0
                    ;;
                *)
                    COMPREPLY=()
                    ;;
            esac
            COMPREPLY=($(compgen -W "${opts}" -- "${cur}"))
            return 0
            ;;
        myapp__test)
            opts="--coverage --run -r"
            if [[ ${cur} == -* || ${COMP_CWORD} -eq 2 ]]; then
                COMPREPLY=($(compgen -W "${opts}" -- "${cur}"))
                return 0
            fi
            case "${prev}" in
                --run|-r)
                    COMPREPLY=()
                    return 0
                    ;;
                *)
                    COMPREPLY=()
                    ;;
            esac
            COMPREPLY=($(compgen -W "${opts}" -- "${cur}"))
            return 0
            ;;
    esac
}

if [[ "${BASH_VERSINFO[0]}" -eq 4 && "${BASH_VERSINFO[1]}" -ge 4 || "${BASH_VERSINFO[0]}" -gt 4 ]]; then
    complete -F _myapp -o nosort -o bashdefault -o default myapp
else
    complete -F _myapp -o bashdefault -o default myapp
fi
