# myapp PowerShell completion

using namespace System.Management.Automation
using namespace System.Management.Automation.Language

Register-ArgumentCompleter -Native -CommandName 'myapp' -ScriptBlock {
    param($wordToComplete, $commandAst, $cursorPosition)

    $commandElements = $commandAst.CommandElements
    $command = 'myapp'
    $prev = ''
    if ($commandElements.Count -ge 1) {
        $lastText = $commandElements[-1].Extent.Text
        if ($wordToComplete -ne '' -and $lastText -eq $wordToComplete) {
            if ($commandElements.Count -ge 2) {
                $prev = $commandElements[-2].Extent.Text
            }
        } else {
            $prev = $lastText
        }
    }

    $completions = @(switch ($command) {
        'myapp' {
            switch ($prev) {
                { $_ -in '--method' } {
                    [CompletionResult]::new('ssh', 'ssh', [CompletionResultType]::ParameterValue, 'ssh')
                    [CompletionResult]::new('https', 'https', [CompletionResultType]::ParameterValue, 'https')
                    break
                }
                default {
                    [CompletionResult]::new('--method', '--method', [CompletionResultType]::ParameterName, 'Clone method')
                    [CompletionResult]::new('--verbose', '--verbose', [CompletionResultType]::ParameterName, 'Verbose output')
                    [CompletionResult]::new('-v', '-v', [CompletionResultType]::ParameterName, 'Verbose output')
                }
            }
            break
        }
    })

    $completions | Where-Object { $_.CompletionText -like "$wordToComplete*" } |
        Sort-Object -Property ListItemText
}
