# myapp PowerShell completion

using namespace System.Management.Automation
using namespace System.Management.Automation.Language

Register-ArgumentCompleter -Native -CommandName 'myapp' -ScriptBlock {
    param($wordToComplete, $commandAst, $cursorPosition)

    $commandElements = $commandAst.CommandElements
    $command = 'myapp'
    for ($i = 1; $i -lt $commandElements.Count; $i++) {
        $element = $commandElements[$i]
        if ($element -isnot [StringConstantExpressionAst] -or
            $element.StringConstantType -ne [StringConstantType]::BareWord) {
            break
        }
        $value = $element.Value
        if ($value -eq $wordToComplete) { break }
        if ($value.StartsWith('-')) { continue }
        $next = switch ("$command;$value") {
            'myapp;build' { 'myapp;build'; break }
            'myapp;test' { 'myapp;test'; break }
            'myapp;t' { 'myapp;test'; break }
            default { '' }
        }
        if ($next -eq '') { break }
        $command = $next
    }
    $prev = ''
    if ($commandElements.Count -ge 1) {
        $lastText = $commandElements[-1].Extent.Text
        if ($wordToComplete -ne '' -and $lastText -eq $wordToComplete) {
            if ($commandElements.Count -ge 2) {
                $prev = $commandElements[-2].Extent.Text
            }
        } else {
            $prev = $lastText
        }
    }

    $completions = @(switch ($command) {
        'myapp' {
            switch ($prev) {
                { $_ -in '--color' } {
                    [CompletionResult]::new('auto', 'auto', [CompletionResultType]::ParameterValue, 'auto')
                    [CompletionResult]::new('always', 'always', [CompletionResultType]::ParameterValue, 'always')
                    [CompletionResult]::new('never', 'never', [CompletionResultType]::ParameterValue, 'never')
                    break
                }
                default {
                    [CompletionResult]::new('--color', '--color', [CompletionResultType]::ParameterName, 'Color mode')
                    [CompletionResult]::new('--verbose', '--verbose', [CompletionResultType]::ParameterName, 'Verbose output')
                    [CompletionResult]::new('-v', '-v', [CompletionResultType]::ParameterName, 'Verbose output')
                    [CompletionResult]::new('build', 'build', [CompletionResultType]::ParameterValue, 'Build the project')
                    [CompletionResult]::new('test', 'test', [CompletionResultType]::ParameterValue, 'Run tests')
                }
            }
            break
        }
        'myapp;build' {
            switch ($prev) {
                { $_ -in '--output', '-o' } {
                    break
                }
                default {
                    [CompletionResult]::new('--output', '--output', [CompletionResultType]::ParameterName, 'Output path')
                    [CompletionResult]::new('-o', '-o', [CompletionResultType]::ParameterName, 'Output path')
                    [CompletionResult]::new('--release', '--release', [CompletionResultType]::ParameterName, 'Release build')
                }
            }
            break
        }
        'myapp;test' {
            switch ($prev) {
                { $_ -in '--run', '-r' } {
                    break
                }
                default {
                    [CompletionResult]::new('--coverage', '--coverage', [CompletionResultType]::ParameterName, 'Enable coverage')
                    [CompletionResult]::new('--run', '--run', [CompletionResultType]::ParameterName, 'Test pattern')
                    [CompletionResult]::new('-r', '-r', [CompletionResultType]::ParameterName, 'Test pattern')
                }
            }
            break
        }
    })

    $completions | Where-Object { $_.CompletionText -like "$wordToComplete*" } |
        Sort-Object -Property ListItemText
}
