[1;33mUsage[m

  [1;32mcatalog[m [31m[options][m

[1;33mFilters[m

  [31m-q[m, [31m--query[m[2;31m [m[2;31mtext[m     Filter results by query
      [31m--tags[m[2;31m [m[2;31m<tag>[m[2;31m…[m    Filter by tags

[1;33mOutput[m

  [31m-f[m, [31m--format[m[2;31m [m[2;31mformat[m  Output format [2m[[m[2;32mtable[m[2m, [m[2mjson[m[2m][m

[1;33mOptions[m

  [31m-h[m, [31m--help[m           Print help
