#compdef myapp

autoload -U is-at-least

_myapp() {
    typeset -A opt_args
    typeset -a _arguments_options
    local ret=1

    if is-at-least 5.2; then
        _arguments_options=(-s -S -C)
    else
        _arguments_options=(-s -C)
    fi

    local context curcontext="$curcontext" state line
    _arguments "${_arguments_options[@]}" : \
        '--color=[Color mode]:color:(auto always never)' \
        '(-v --verbose)-v[Verbose output]' \
        '(-v --verbose)--verbose[Verbose output]' \
        ':: :_myapp_commands' \
        '*::: :->myapp' \
    && ret=0

    case $state in
    (myapp)
        words=($line[1] "${words[@]}")
        (( CURRENT += 1 ))
        curcontext="${curcontext%%:*:*}:myapp-command-$line[1]:"
        case $line[1] in
            (build)
                _arguments "${_arguments_options[@]}" : \
                    '(-o --output)-o+[Output path]: :_default' \
                    '(-o --output)--output=[Output path]: :_default' \
                    '--release[Release build]' \
                && ret=0
            ;;
            (test|t)
                _arguments "${_arguments_options[@]}" : \
                    '--coverage[Enable coverage]' \
                    '(-r --run)-r+[Test pattern]: :_default' \
                    '(-r --run)--run=[Test pattern]: :_default' \
                && ret=0
            ;;
        esac
    ;;
    esac
}

(( $+functions[_myapp_commands] )) ||
_myapp_commands() {
    local commands; commands=(
        'build:Build the project' \
        'test:Run tests' \
    )
    _describe -t commands 'myapp commands' commands "$@"
}

if [ "$funcstack[1]" = "_myapp" ]; then
    _myapp "$@"
else
    compdef _myapp myapp
fi
