# myapp Nushell completion

def "_myapp_positionals" [context: string, cmdskip: int, valueflags: list<string>] {
    let trailing = ($context | str ends-with " ")
    let toks0 = [ ...($context | split row " " | where {|x| $x != "" } | skip 1) ]
    let toks = (if $trailing { $toks0 } else { $toks0 | drop 1 })
    mut pos = []
    mut skipnext = false
    mut dashdash = false
    mut skip = $cmdskip
    for t in $toks {
        if $dashdash { $pos = ($pos | append $t); continue }
        if $skipnext { $skipnext = false; continue }
        if $t == "--" { $dashdash = true; continue }
        if ($t in $valueflags) { $skipnext = true; continue }
        if ($t | str starts-with "-") { continue }
        if $skip > 0 { $skip = ($skip - 1); continue }
        $pos = ($pos | append $t)
    }
    $pos
}

def "nu-complete myapp args" [context: string] {
    let positional = (_myapp_positionals $context 0 [])
    let n = ($positional | length)
    let kind = (if $n == 0 { 'items' } else if $n == 1 { 'subitems' } else { 'subitems' })
    let first = ($n == 0)
    if $first {
        try { ^myapp $"--@complete=($kind)" | lines } catch { [] }
    } else {
        try { ^myapp $"--@complete=($kind)" -- ...$positional | lines } catch { [] }
    }
}

extern "myapp" [
    --verbose(-v)  # Verbose output
    ...rest: string@"nu-complete myapp args"
]
