# myapp Nushell completion

def "_myapp_no_args" [] {
    []
}

def "nu-complete myapp color" [] {
    ['auto' 'always' 'never']
}

extern "myapp" [
    --color: string@"nu-complete myapp color"  # Color mode
    --config: string  # Config file
    -h  # Show help
    --help  # Show help
    --no-config  # Disable config
    --no-proxy  # Ignore proxies
    --verbose(-v)  # Verbose output
    ...rest: string@"_myapp_no_args"
]

def "nu-complete myapp run output" [] {
    ['text' 'json']
}

extern "myapp run" [
    --dry-run(-n)  # Dry run
    --output(-o): string@"nu-complete myapp run output"  # Output format
    ...rest: string@"_myapp_no_args"
]

extern "myapp version" [
    ...rest: string@"_myapp_no_args"
]
