# myapp Nushell completion

def "_myapp_no_args" [] {
    []
}

def "nu-complete myapp color" [] {
    ['auto' 'always' 'never']
}

extern "myapp" [
    --color: string@"nu-complete myapp color"  # Color mode
    --verbose(-v)  # Verbose output
    ...rest: string@"_myapp_no_args"
]

# Build the project
extern "myapp build" [
    --output(-o): string  # Output path
    --release  # Release build
    ...rest: string@"_myapp_no_args"
]

# Run tests
extern "myapp test" [
    --coverage  # Enable coverage
    --run(-r): string  # Test pattern
    ...rest: string@"_myapp_no_args"
]
