# myapp Elvish completion

use str
use re

fn _myapp_positionals {|cmdskip valueflags @tokens|
    var positional = []
    var skipnext = $false
    var dashdash = $false
    var skip = $cmdskip
    for t $tokens {
        if $dashdash { set positional = [$@positional $t]; continue }
        if $skipnext { set skipnext = $false; continue }
        if (eq $t '--') { set dashdash = $true; continue }
        if (has-value $valueflags $t) { set skipnext = $true; continue }
        if (str:has-prefix $t '-') { continue }
        if (> $skip 0) { set skip = (- $skip 1); continue }
        set positional = [$@positional $t]
    }
    put $@positional
}

set edit:completion:arg-completer['myapp'] = {|@words|
    var n = (count $words)
    var cur = $words[-1]
    var prior = $words[1..(- $n 1)]
    var command = 'myapp'

    if (eq $command 'myapp') {
        edit:complex-candidate '--verbose' &display='--verbose  Verbose output'
        edit:complex-candidate '-v' &display='-v  Verbose output'
        var positional = [(_myapp_positionals 0 [] $@prior)]
        var ncount = (count $positional)
        var kind = ''
        var first = $false
        if (eq $ncount 0) { set kind = 'items'; set first = $true } elif (eq $ncount 1) { set kind = 'subitems' } else { set kind = 'subitems' }
        var callargs = ['--@complete='$kind]
        if (not $first) { set callargs = [$@callargs '--' $@positional] }
        try { (external 'myapp') $@callargs 2>/dev/null | from-lines } catch _ { }
    }
}
