# myapp Elvish completion

use str
use re

set edit:completion:arg-completer['myapp'] = {|@words|
    var n = (count $words)
    var cur = $words[-1]
    var prior = $words[1..(- $n 1)]
    var command = 'myapp'
    var prev = ''
    if (> (count $prior) 0) { set prev = $prior[-1] }

    if (eq $command 'myapp') {
        if (eq $prev '--method') {
            put 'ssh'
            put 'https'
        } else {
            edit:complex-candidate '--method' &display='--method  Clone method'
            edit:complex-candidate '--verbose' &display='--verbose  Verbose output'
            edit:complex-candidate '-v' &display='-v  Verbose output'
        }
    }
}
