complete -c myapp -f

function __myapp_tokens
    set -l major (string split . -- $version)[1]
    set -l tokens
    if test $major -ge 4
        set tokens (commandline -xpc)
    else
        set tokens (commandline -opc)
    end
    if set -q tokens[1]
        printf '%s\n' $tokens
    end
end

complete -c myapp -s v -l verbose -d "Verbose output"

function __myapp_dynamic_args
    set -l tokens (__myapp_tokens)
    set -e tokens[1]
    set -l positional
    set -l skip_next 0
    set -l dashdash 0
    for t in $tokens
        if test $dashdash -eq 1
            set -a positional $t
        else if test $skip_next -eq 1
            set skip_next 0
        else if test "$t" = --
            set dashdash 1
        else
            switch $t
            case '-*'
                true
            case '*'
                set -a positional $t
            end
        end
    end
    set -l nargs (count $positional)
    switch $nargs
        case 0
            myapp --@complete=items
        case 1
            myapp --@complete=subitems -- $positional
        case '*'
            myapp --@complete=subitems -- $positional
    end
end

complete -c myapp -a "(__myapp_dynamic_args)" -f
