complete -c myapp -f

complete -c myapp -s v -l verbose -d "Verbose output"

function __myapp_dynamic_args
    set -l tokens (commandline -xpc)
    set -e tokens[1]
    set -l positional
    set -l skip_next 0
    set -l dashdash 0
    for t in $tokens
        if test $dashdash -eq 1
            set -a positional $t
        else if test $skip_next -eq 1
            set skip_next 0
        else if test "$t" = --
            set dashdash 1
        else if not string match -q -- '-*' $t
            set -a positional $t
        end
    end
    set -l nargs (count $positional)
    switch $nargs
        case 0
            myapp --@complete=items
        case 1
            myapp --@complete=subitems -- $positional
    end
end

complete -c myapp -a "(__myapp_dynamic_args)" -f
