complete -c myapp -f

# Comma-separated include completion
function __myapp_complete_include
    set -l value (string replace -r '^--include=' '' -- (commandline -ct))
    set -l _flag_include "name" "email" "avatar"
    set -l _flag_include_desc "Display name" "Email address" "Profile picture"
    if string match -qr '^(?<prefix>.*,)' -- $value
        set -l selected (string split ',' -- $prefix)
        for i in (seq (count $_flag_include))
            if not contains -- $_flag_include[$i] $selected
                printf '%s\t%s\n' "$prefix$_flag_include[$i]" $_flag_include_desc[$i]
            end
        end
    else
        for i in (seq (count $_flag_include))
            printf '%s\t%s\n' $_flag_include[$i] $_flag_include_desc[$i]
        end
    end
end

function __myapp_global_optspecs
    string join \n -- 'v/verbose'
end

function __myapp_needs_command
    set -l cmd (commandline -xpc)
    set -e cmd[1]
    argparse -s (__myapp_global_optspecs) -- $cmd 2>/dev/null
    or return
    if set -q argv[1]
        printf '%s\n' $argv
        return 1
    end
    return 0
end

function __myapp_using_subcommand
    set -l cmd (__myapp_needs_command)
    test -z "$cmd"
    and return 1
    for arg in $argv
        if contains -- $arg $cmd
            return 0
        end
    end
    return 1
end

function __myapp_using_primary_subcommand
    set -l cmd (__myapp_needs_command)
    test -z "$cmd"
    and return 1
    contains -- $cmd[1] $argv
end

complete -c myapp -n '__myapp_needs_command' -a get -d "Get item"
complete -c myapp -n '__myapp_needs_command' -a list -d "List items"

complete -c myapp -n '__myapp_needs_command' -s v -l verbose -d "Verbose output"

complete -c myapp -n '__myapp_using_primary_subcommand list' -l include -x -kra "(__myapp_complete_include)" -d "Fields to include"
complete -c myapp -n '__myapp_using_primary_subcommand list' -l limit -r -d "Max results"
