complete -c myapp -f

function __myapp_global_optspecs
    string join \n -- 'v/verbose' 'color='
end

function __myapp_needs_command
    set -l cmd (commandline -xpc)
    set -e cmd[1]
    argparse -s (__myapp_global_optspecs) -- $cmd 2>/dev/null
    or return
    if set -q argv[1]
        echo $argv[1]
        return 1
    end
    return 0
end

function __myapp_using_subcommand
    set -l cmd (__myapp_needs_command)
    test -z "$cmd"
    and return 1
    contains -- $cmd[1] $argv
end

complete -c myapp -n '__myapp_needs_command' -a build -d "Build the project"
complete -c myapp -n '__myapp_needs_command' -a test -d "Run tests"

complete -c myapp -n '__myapp_needs_command' -l color -x -a "auto always never" -d "Color mode"
complete -c myapp -n '__myapp_needs_command' -s v -l verbose -d "Verbose output"

complete -c myapp -n '__myapp_using_subcommand build' -s o -l output -r -d "Output path"
complete -c myapp -n '__myapp_using_subcommand build' -l release -d "Release build"

complete -c myapp -n '__myapp_using_subcommand test t' -l coverage -d "Enable coverage"
complete -c myapp -n '__myapp_using_subcommand test t' -s r -l run -r -d "Test pattern"
