complete -c myapp -f

# format value completion
function __myapp_complete_format
    set -l _flag_format "json" "yaml" "text"
    set -l _flag_format_desc "JSON output" "YAML output" "Plain text"
    for i in (seq (count $_flag_format))
        printf '%s\t%s\n' $_flag_format[$i] $_flag_format_desc[$i]
    end
end

# Comma-separated tags completion
function __myapp_complete_tags
    set -l value (string replace -r '^--tags=' '' -- (commandline -ct))
    set -l _flag_tags "bug" "feature" "docs"
    if string match -qr '^(?<prefix>.*,)' -- $value
        set -l selected (string split ',' -- $prefix)
        for col in $_flag_tags
            if not contains -- $col $selected
                printf '%s\n' "$prefix$col"
            end
        end
    else
        printf '%s\n' $_flag_tags
    end
end

complete -c myapp -s f -l format -x -ra "(__myapp_complete_format)" -d "Output format"
complete -c myapp -s t -l tags -x -kra "(__myapp_complete_tags)" -d "Filter tags"
complete -c myapp -s v -l verbose -d "Verbose output"
